{"id": 980, "output": "Filesystem      Size  Used Avail Use% Mounted on\nudev             16G     0   16G   0% /dev\ntmpfs           3.2G  724K  3.2G   1% /run\n/dev/sda2      1007G  6.3G  960G   1% /\ntmpfs            16G     0   16G   0% /dev/shm\nefivarfs        256K   32K  220K  13% /sys/firmware/efi/efivars\ntmpfs           1.0M     0  1.0M   0% /run/credentials/systemd-journald.service\ntmpfs            16G     0   16G   0% /tmp\ntmpfs           5.0M     0  5.0M   0% /run/lock\n/dev/sda1       975M  8.8M  966M   1% /boot/efi\ntmpfs           1.0M     0  1.0M   0% /run/credentials/getty@tty1.service\ntmpfs           3.2G  8.0K  3.2G   1% /run/user/1000\n---\nNAME   MAJ:MIN RM  SIZE RO TYPE MOUNTPOINTS\nsda      8:0    0    1T  0 disk \n\u251c\u2500sda1   8:1    0  976M  0 part /boot/efi\n\u2514\u2500sda2   8:2    0 1023G  0 part /\nsr0     11:0    1  755M  0 rom  \n---\nDisk /dev/sda: 1 TiB, 1099511627776 bytes, 2147483648 sectors\nUnits: sectors of 1 * 512 = 512 bytes\nDevice       Start        End    Sectors  Size Type", "status": "done"}