{"id": 985, "output": "=== DISK VERIFICATION ===\nNAME   MAJ:MIN RM  SIZE RO TYPE MOUNTPOINTS\nsda      8:0    0    1T  0 disk \n\u251c\u2500sda1   8:1    0  976M  0 part /boot/efi\n\u2514\u2500sda2   8:2    0 1023G  0 part /\nsr0     11:0    1  755M  0 rom  \n---\nFilesystem      Size  Used Avail Use% Mounted on\n/dev/sda2      1007G  6.3G  960G   1% /\n---\n               total        used        free      shared  buff/cache   available\nMem:            31Gi       554Mi        30Gi       728Ki       257Mi        30Gi\nSwap:          4.0Gi          0B       4.0Gi\n---\n\u25cf resize-root.service - Resize root filesystem to fill partition\n     Loaded: loaded (/etc/systemd/system/resize-root.service; enabled; preset: enabled)\n     Active: active (exited) since Wed 2026-06-17 09:45:57 EDT; 2min 7s ago\n Invocation: 4534f129288546b48e43316dd3ac6fda\n    Process: 946 ExecStart=/sbin/resize2fs /dev/sda2 (code=exited, status=0/SUCCESS)\n    Process: 1135 ExecStartPost=/bin/rm -f /etc/resize-root-pending (code=exited, status=0/SUCCESS)\n    Process: 1138 ExecStartPost=/sbin/swapoff -a (code=exited, status=0/SUCCESS)\n    Process: 1140 ExecStartPost=/bin/fallocate -l 4G /swapfile (code=exited, status=0/SUCCESS)\n    Process: 1142 ExecStartPost=/bin/chmod 600 /swapfile (code=exited, status=0/SUCCESS)\n    Process: 1144 ExecStartPost=/sbin/mkswap /swapfile (code=exited, status=0/SUCCESS)\n    Process: 1146 ExecStartPost=/sbin/swapon /swapfile (code=exited, status=0/SUCCESS)\n   Main PID: 946 (code=exited, status=0/SUCCESS)\n   Mem peak: 79.8M\n        CPU: 1.018s\n\n---\nFilename\t\t\t\tType\t\tSize\t\tUsed\t\tPriority\n/swapfile                               file\t\t4194300\t\t0\t\t-2", "status": "done"}